// Jest Snapshot v1, https://goo.gl/fbAQLP

exports[`renders with some attrs 1`] = `"<div margin=\\"1px 2px 3px 4px\\" class=\\"button\\"><table role=\\"presentation\\" width=\\"100%\\" align=\\"left\\" border=\\"0\\" cellpadding=\\"0\\" cellspacing=\\"0\\"><tr><td><table role=\\"presentation\\" width=\\"auto\\" align=\\"center\\" border=\\"0\\" cellspacing=\\"0\\" cellpadding=\\"0\\" class=\\"button__table\\"><tr><td align=\\"center\\" class=\\"button__cell\\"><a href=\\"#\\" class=\\"button__link\\" style=\\"display: inline-block;\\"><span class=\\"button__text\\">Lady Dynamite</span></a></td></tr></table></td></tr></table></div>"`;
