// Jest Snapshot v1, https://goo.gl/fbAQLP

exports[`renders with some attrs 1`] = `"<!--[if !mso]><!--><link href=\\"https://example.com\\" rel=\\"stylesheet\\" type=\\"text/css\\" /><style type=\\"text/css\\">@import url(https://example.com);</style><!--<![endif]-->"`;
